\BOOKMARK [1][-]{section.1}{\376\377\000I\000n\000t\000r\000o\000d\000u\000c\000t\000i\000o\000n}{}% 1
\BOOKMARK [2][-]{subsection.1.1}{\376\377\000B\000r\000a\000d\000s\000h\000a\000w\000\040\000M\000o\000d\000e\000l}{section.1}% 2
\BOOKMARK [2][-]{subsection.1.2}{\376\377\000A\000i\000m}{section.1}% 3
\BOOKMARK [2][-]{subsection.1.3}{\376\377\000M\000o\000d\000a\000u\000\040\000R\000i\000v\000e\000r}{section.1}% 4
\BOOKMARK [1][-]{section.2}{\376\377\000H\000y\000p\000o\000t\000h\000e\000s\000e\000s}{}% 5
\BOOKMARK [2][-]{subsection.2.1}{\376\377\000F\000i\000r\000s\000t\000\040\000H\000y\000p\000o\000t\000h\000e\000s\000i\000s}{section.2}% 6
\BOOKMARK [2][-]{subsection.2.2}{\376\377\000S\000e\000c\000o\000n\000d\000\040\000H\000y\000p\000o\000t\000h\000e\000s\000i\000s}{section.2}% 7
\BOOKMARK [2][-]{subsection.2.3}{\376\377\000T\000h\000i\000r\000d\000\040\000H\000y\000p\000o\000t\000h\000e\000s\000i\000s}{section.2}% 8
\BOOKMARK [1][-]{section.3}{\376\377\000M\000e\000t\000h\000o\000d\000o\000l\000o\000g\000y}{}% 9
\BOOKMARK [2][-]{subsection.3.1}{\376\377\000V\000e\000l\000o\000c\000i\000t\000y}{section.3}% 10
\BOOKMARK [3][-]{subsubsection.3.1.1}{\376\377\000D\000i\000g\000i\000t\000a\000l}{subsection.3.1}% 11
\BOOKMARK [3][-]{subsubsection.3.1.2}{\376\377\000A\000n\000a\000l\000o\000g\000u\000e}{subsection.3.1}% 12
\BOOKMARK [2][-]{subsection.3.2}{\376\377\000C\000h\000a\000n\000n\000e\000l\000\040\000W\000i\000d\000t\000h}{section.3}% 13
\BOOKMARK [2][-]{subsection.3.3}{\376\377\000C\000h\000a\000n\000n\000e\000l\000\040\000D\000e\000p\000t\000h}{section.3}% 14
\BOOKMARK [2][-]{subsection.3.4}{\376\377\000B\000e\000d\000l\000o\000a\000d\000\040\000S\000i\000z\000e}{section.3}% 15
\BOOKMARK [1][-]{section.4}{\376\377\000P\000r\000o\000c\000e\000s\000s\000e\000d\000\040\000D\000a\000t\000a}{}% 16
\BOOKMARK [2][-]{subsection.4.1}{\376\377\000V\000e\000l\000o\000c\000i\000t\000y}{section.4}% 17
\BOOKMARK [3][-]{subsubsection.4.1.1}{\376\377\000S\000a\000m\000p\000l\000e\000\040\000C\000a\000l\000c\000u\000l\000a\000t\000i\000o\000n\000s}{subsection.4.1}% 18
\BOOKMARK [3][-]{subsubsection.4.1.2}{\376\377\000R\000e\000s\000u\000l\000t\000s}{subsection.4.1}% 19
\BOOKMARK [2][-]{subsection.4.2}{\376\377\000C\000h\000a\000n\000n\000e\000l\000\040\000W\000i\000d\000t\000h}{section.4}% 20
\BOOKMARK [3][-]{subsubsection.4.2.1}{\376\377\000S\000a\000m\000p\000l\000e\000\040\000C\000a\000l\000c\000u\000l\000a\000t\000i\000o\000n\000s}{subsection.4.2}% 21
\BOOKMARK [3][-]{subsubsection.4.2.2}{\376\377\000R\000e\000s\000u\000l\000t\000s}{subsection.4.2}% 22
\BOOKMARK [2][-]{subsection.4.3}{\376\377\000C\000h\000a\000n\000n\000e\000l\000\040\000D\000e\000p\000t\000h}{section.4}% 23
\BOOKMARK [3][-]{subsubsection.4.3.1}{\376\377\000S\000a\000m\000p\000l\000e\000\040\000C\000a\000l\000c\000u\000l\000a\000t\000i\000o\000n\000s}{subsection.4.3}% 24
\BOOKMARK [3][-]{subsubsection.4.3.2}{\376\377\000S\000a\000m\000p\000l\000e\000\040\000C\000a\000l\000c\000u\000l\000a\000t\000i\000o\000n\000s}{subsection.4.3}% 25
\BOOKMARK [3][-]{subsubsection.4.3.3}{\376\377\000R\000e\000s\000u\000l\000t\000s}{subsection.4.3}% 26
\BOOKMARK [2][-]{subsection.4.4}{\376\377\000W\000e\000t\000t\000e\000d\000\040\000P\000e\000r\000i\000m\000e\000t\000e\000r}{section.4}% 27
\BOOKMARK [3][-]{subsubsection.4.4.1}{\376\377\000S\000a\000m\000p\000l\000e\000\040\000C\000a\000l\000c\000u\000l\000a\000t\000i\000o\000n\000s}{subsection.4.4}% 28
\BOOKMARK [3][-]{subsubsection.4.4.2}{\376\377\000R\000e\000s\000u\000l\000t\000s}{subsection.4.4}% 29
\BOOKMARK [2][-]{subsection.4.5}{\376\377\000C\000r\000o\000s\000s\000-\000S\000e\000c\000t\000i\000o\000n\000a\000l\000\040\000A\000r\000e\000a}{section.4}% 30
\BOOKMARK [3][-]{subsubsection.4.5.1}{\376\377\000S\000a\000m\000p\000l\000e\000\040\000C\000a\000l\000c\000u\000l\000a\000t\000i\000o\000n\000s}{subsection.4.5}% 31
\BOOKMARK [3][-]{subsubsection.4.5.2}{\376\377\000R\000e\000s\000u\000l\000t\000s}{subsection.4.5}% 32
\BOOKMARK [2][-]{subsection.4.6}{\376\377\000C\000h\000a\000n\000n\000e\000l\000\040\000E\000f\000f\000i\000c\000i\000e\000n\000c\000y}{section.4}% 33
\BOOKMARK [3][-]{subsubsection.4.6.1}{\376\377\000S\000a\000m\000p\000l\000e\000\040\000C\000a\000l\000c\000u\000l\000a\000t\000i\000o\000n\000s}{subsection.4.6}% 34
\BOOKMARK [3][-]{subsubsection.4.6.2}{\376\377\000R\000e\000s\000u\000l\000t\000s}{subsection.4.6}% 35
\BOOKMARK [2][-]{subsection.4.7}{\376\377\000D\000i\000s\000c\000h\000a\000r\000g\000e}{section.4}% 36
\BOOKMARK [3][-]{subsubsection.4.7.1}{\376\377\000S\000a\000m\000p\000l\000e\000\040\000C\000a\000l\000c\000u\000l\000a\000t\000i\000o\000n\000s}{subsection.4.7}% 37
\BOOKMARK [2][-]{subsection.4.8}{\376\377\000R\000i\000v\000e\000r\000\040\000D\000i\000s\000c\000h\000a\000r\000g\000e}{section.4}% 38
\BOOKMARK [3][-]{subsubsection.4.8.1}{\376\377\000R\000e\000s\000u\000l\000t\000s}{subsection.4.8}% 39
\BOOKMARK [2][-]{subsection.4.9}{\376\377\000B\000e\000d\000l\000o\000a\000d\000\040\000S\000i\000z\000e}{section.4}% 40
\BOOKMARK [3][-]{subsubsection.4.9.1}{\376\377\000S\000a\000m\000p\000l\000e\000\040\000C\000a\000l\000c\000u\000l\000a\000t\000i\000o\000n\000s}{subsection.4.9}% 41
\BOOKMARK [3][-]{subsubsection.4.9.2}{\376\377\000R\000e\000s\000u\000l\000t\000s}{subsection.4.9}% 42
\BOOKMARK [1][-]{section.5}{\376\377\000C\000o\000n\000c\000l\000u\000s\000i\000o\000n}{}% 43
\BOOKMARK [2][-]{subsection.5.1}{\376\377\000H\000y\000p\000o\000t\000h\000e\000s\000i\000s\000\040\0001}{section.5}% 44
\BOOKMARK [2][-]{subsection.5.2}{\376\377\000H\000y\000p\000o\000t\000h\000e\000s\000i\000s\000\040\0002}{section.5}% 45
\BOOKMARK [2][-]{subsection.5.3}{\376\377\000H\000y\000p\000o\000t\000h\000e\000s\000i\000s\000\040\0003}{section.5}% 46
\BOOKMARK [1][-]{section.6}{\376\377\000E\000v\000a\000l\000u\000a\000t\000i\000o\000n}{}% 47
\BOOKMARK [1][-]{section.7}{\376\377\000A\000p\000p\000e\000n\000d\000i\000x}{}% 48
\BOOKMARK [2][-]{subsection.7.1}{\376\377\000R\000a\000w\000\040\000D\000a\000t\000a}{section.7}% 49
